// Jest Snapshot v1, https://goo.gl/fbAQLP

exports[`MainComponent should match snapshot 1`] = `
<div
  id="root0"
>
  <mat-toolbar
    color="primary"
  >
    <a
      class="mr-20"
      href="/"
      routerlink="/"
    >
      Angular - RxJS Part 3
    </a>
  </mat-toolbar>
  <router-outlet />
</div>
`;
